2024-12-08 18:54:13,356 - INFO - 已下载图片: downloads\558c8683\thumbnail.webp
2024-12-08 18:54:13,357 - INFO - 成功处理文章: 瓷砖世界匹配
2024-12-08 18:54:15,104 - INFO - 已下载图片: downloads\3db0c4ce\thumbnail.jpg
2024-12-08 18:54:15,105 - INFO - 成功处理文章: 街机：终极车辆包–低保利汽车
2024-12-08 19:24:29,129 - INFO - 已下载图片: downloads\ARCADE__Ultimate_Vehicles_Pack_–_Low_Poly_Cars\thumbnail.jpg
2024-12-08 19:24:29,131 - INFO - 成功处理文章: 街机：终极车辆包–低保利汽车
2024-12-08 19:24:29,414 - INFO - 已下载图片: downloads\Tile_World_Match\thumbnail.webp
2024-12-08 19:24:29,415 - INFO - 成功处理文章: 瓷砖世界匹配
2025-01-01 21:22:44,261 - INFO - 图片已存在: downloads\Tile_World_Match\thumbnail.webp
2025-01-01 21:22:44,366 - INFO - 数据已保存到Excel: downloads\assets_data.xlsx
2025-01-01 21:22:44,367 - INFO - 成功处理文章: 瓷砖世界匹配
2025-01-01 21:22:55,800 - INFO - 图片已存在: downloads\ARCADE__Ultimate_Vehicles_Pack_–_Low_Poly_Cars\thumbnail.jpg
2025-01-01 21:22:56,326 - INFO - 数据已保存到Excel: downloads\assets_data.xlsx
2025-01-01 21:22:56,327 - INFO - 成功处理文章: 街机：终极车辆包–低保利汽车
2025-01-02 00:00:21,593 - ERROR - 翻译失败: HTTPSConnectionPool(host='api.mymemory.translated.net', port=443): Max retries exceeded with url: /get?q=2D+Soft+Body+%E2%80%93+is+an+asset+to+provide+jelly+physics+into+the+Unity+environment.%0AUnity+2017.4+and+newer+is+supported.%0A%3F%3F%3F%3F%EF%B8%8F+Try+the+WebGL+Demo%21%C2%A0%7C%C2%A0%3F%3F%3F%3F+Documentation%0AFeatures%3A%0A%3F%3F%3F%3F+User-friendly+editor%0ASetup+a+few+parameters+and+enjoy+the+beautiful+jelly-physics+effect%0A%3F%3F%3F%3F+High+performance%2C+mobile-friendly%0AWorks+perfectly+on+mobile+devices%0A%3F%3F%3F%3F+Easy+to+configure%0AConfigure+parameters+for+simulating+soft+bodies+in+a+few+clicks&langpair=en%7Czh (Caused by SSLError(SSLEOFError(8, 'EOF occurred in violation of protocol (_ssl.c:1129)')))
2025-01-02 00:00:21,607 - ERROR - 下载图片失败 https://unityassets4free.com/wp-content/uploads/2023/08/2d-soft-body-e1691303676538.webp: HTTPSConnectionPool(host='unityassets4free.com', port=443): Max retries exceeded with url: /wp-content/uploads/2023/08/2d-soft-body-e1691303676538.webp (Caused by SSLError(SSLEOFError(8, 'EOF occurred in violation of protocol (_ssl.c:1129)')))
2025-01-02 00:00:21,610 - ERROR - 保存Excel时出错: 'file_path'
2025-01-02 00:00:53,098 - ERROR - 翻译失败: HTTPSConnectionPool(host='api.mymemory.translated.net', port=443): Max retries exceeded with url: /get?q=Post-processing%C2%A0applied+via+Sprites%2C+UI+Images+or+Particles.%0ASimply%C2%A0assign%C2%A0the+shader+and+drag+the+sprite+wherever+you+want.%0ACompatibility%3A%0A%E2%80%93+Created%C2%A0specifically%C2%A0for%C2%A02D+Games.%0A%E2%80%93+Does+not+support+URP+or+HDRP.%0A%E2%9C%A8+New+in+3.0+%E2%9C%A8%0A%E2%80%93+Added%C2%A0Water+Reflection%C2%A0effect+%28reflects+pixels+on+screen%29.%0A%E2%99%BB%EF%B8%8F%C2%A0100%25+Refund+Guarantee%C2%A0%E2%99%BB%EF%B8%8F%0AYou+are+not+satisfied+with+your+purchase+%3F%0AContact+me+and+I+will+either%C2%A0resolve%C2%A0your+issues+or%C2%A0refund%C2%A0you.%0A%E2%AD%90+Features+%E2%AD%90%0A%E2%80%93%C2%A023%C2%A0Post-Processing+Effects%0A%E2%80%93+Several%C2%A0Presets%C2%A0and%C2%A0Examples%0A%E2%80%93+Highl&langpair=en%7Czh (Caused by SSLError(SSLEOFError(8, 'EOF occurred in violation of protocol (_ssl.c:1129)')))
2025-01-02 00:00:53,112 - ERROR - 下载图片失败 https://unityassets4free.com/wp-content/uploads/2024/08/overlay-filters-2d-layered-post-processing-shaders-e1722792704891.webp: HTTPSConnectionPool(host='unityassets4free.com', port=443): Max retries exceeded with url: /wp-content/uploads/2024/08/overlay-filters-2d-layered-post-processing-shaders-e1722792704891.webp (Caused by SSLError(SSLEOFError(8, 'EOF occurred in violation of protocol (_ssl.c:1129)')))
2025-01-02 00:00:53,114 - ERROR - 保存Excel时出错: 'file_path'
2025-01-02 00:04:58,400 - ERROR - 翻译失败: HTTPSConnectionPool(host='api.mymemory.translated.net', port=443): Max retries exceeded with url: /get?q=The+Complete+2D+RPG+Kit+%E2%80%93+A+2D+RPG+Starter+Kit+In+a+Box%21%0AThis+template+starter+kit+gives+you+a+huge+head+start+on+making+your+very+own+2D+top-down+RPG+game+complete+with+player+movement+%28using+the+new+input+system%29%2C+simple+enemy+behavior%2C+level+loading+through+portals%2C+damage%2C+health%2C+weapon+switching%2C+menu+system%2C+tilemap+level+creation%2C+coin+pickups%2C+and+more.%0AThis+template+was+designed+to+be+beginner+friendly+and+easy+to+understand%2C+with+all+code+fully+commented+and+well+spaced.%0AIn+addition+t&langpair=en%7Czh (Caused by SSLError(SSLEOFError(8, 'EOF occurred in violation of protocol (_ssl.c:1129)')))
2025-01-02 00:04:58,427 - ERROR - 下载图片失败 https://unityassets4free.com/wp-content/uploads/2023/06/2d-rpg-starter-kit-complete-game-template-e1686110421875.webp: HTTPSConnectionPool(host='unityassets4free.com', port=443): Max retries exceeded with url: /wp-content/uploads/2023/06/2d-rpg-starter-kit-complete-game-template-e1686110421875.webp (Caused by ProxyError('Cannot connect to proxy.', FileNotFoundError(2, 'No such file or directory')))
2025-01-02 00:05:03,041 - INFO - 数据已保存到Excel: downloads\assets_data.xlsx
2025-01-02 00:33:44,494 - WARNING - 直接访问失败，尝试使用代理: HTTPSConnectionPool(host='unityassets4free.com', port=443): Max retries exceeded with url: /2d-rpg-starter-kit-complete-game-template/ (Caused by ProxyError('Cannot connect to proxy.', FileNotFoundError(2, 'No such file or directory')))
2025-01-02 00:35:28,585 - INFO - 已下载图片: downloads\2D_Soft_Body_-_Free_Download\thumbnail.webp
2025-01-02 00:35:31,173 - INFO - 数据已保存到Excel: downloads\assets_data.xlsx
2025-01-02 00:36:07,650 - INFO - 已下载图片: downloads\2D_RPG_Starter_Kit_-_Complete_Game_Template\thumbnail.webp
2025-01-02 00:36:07,686 - INFO - 数据已保存到Excel: downloads\assets_data.xlsx
2025-01-02 00:45:28,039 - WARNING - 无法读取robots.txt: <urlopen error [WinError 10053] 你的主机中的软件中止了一个已建立的连接。>
2025-01-02 00:45:58,160 - INFO - 已下载图片: downloads\2D_RPG_Starter_Kit_-_Complete_Game_Template\thumbnail.webp
2025-01-02 00:46:00,770 - INFO - 数据已保存到Excel: downloads\assets_data.xlsx
2025-01-06 01:33:04,662 - WARNING - 直接访问失败，尝试使用代理: HTTPSConnectionPool(host='unityassets4free.com', port=443): Max retries exceeded with url: /ultimate-stampit-collection/ (Caused by SSLError(SSLEOFError(8, 'EOF occurred in violation of protocol (_ssl.c:1129)')))
2025-01-06 01:34:43,157 - INFO - 已下载图片: downloads\Environment_Archives_-_Page_9_of_131\thumbnail.webp
2025-01-06 01:34:45,833 - INFO - 数据已保存到Excel: downloads\assets_data.xlsx
2025-01-06 01:38:12,802 - INFO - 已下载图片: downloads\Fantasy_Spell_Icons_Ultimate_Bundle_-_Page_2_of_2\thumbnail.webp
2025-01-06 01:38:15,350 - INFO - 数据已保存到Excel: downloads\assets_data.xlsx
2025-01-06 01:38:15,382 - INFO - 数据已保存到Excel: downloads\assets_data.xlsx
2025-01-06 01:43:53,819 - WARNING - 无法读取robots.txt: unknown url type: '/robots.txt'
2025-01-06 01:44:56,812 - WARNING - 无法读取robots.txt: unknown url type: '/robots.txt'
2025-01-06 01:50:21,395 - WARNING - 直接访问失败，尝试使用代理: 404 Client Error: Not Found for url: https://unityassets4free.com/arcade-racing-game-template/
2025-01-06 01:50:23,339 - WARNING - 直接访问失败，尝试使用代理: 404 Client Error: Not Found for url: https://unityassets4free.com/cute-town-3d/
2025-01-06 01:50:26,776 - ERROR - 爬取URL失败 https://unityassets4free.com/arcade-racing-game-template/: 404 Client Error: Not Found for url: https://unityassets4free.com/arcade-racing-game-template/
2025-01-06 01:50:29,569 - ERROR - 爬取URL失败 https://unityassets4free.com/cute-town-3d/: 404 Client Error: Not Found for url: https://unityassets4free.com/cute-town-3d/
2025-01-06 01:55:36,735 - WARNING - 无法读取robots.txt: unknown url type: '/robots.txt'
2025-01-06 02:06:42,285 - WARNING - 无法读取robots.txt: unknown url type: '/robots.txt'
2025-01-06 02:10:57,418 - WARNING - 无法读取robots.txt: <urlopen error [Errno 2] No such file or directory>
2025-01-06 02:13:44,964 - ERROR - 找不到描述内容
2025-01-06 23:49:58,178 - WARNING - 无法读取robots.txt: <urlopen error [Errno 2] No such file or directory>
2025-01-06 23:51:55,896 - WARNING - 无法读取robots.txt: <urlopen error [Errno 2] No such file or directory>
2025-01-07 00:05:02,708 - WARNING - 无法读取robots.txt: <urlopen error [Errno 2] No such file or directory>
2025-01-07 00:05:48,595 - WARNING - 无法读取robots.txt: <urlopen error [Errno 2] No such file or directory>
2025-01-07 01:54:11,206 - WARNING - 直接访问失败，尝试使用代理: HTTPSConnectionPool(host='assetstore.unity.com', port=443): Max retries exceeded with url: /packages/2d/environments/2d-rpg-topdown-tilesets-pixelart-assets-full-bundle-212921?srsltid=AfmBOoq8TNtGTyNgIzhkw30EOjhIn2ABvKE7WQ2XNX4TtgP-x_B22C6t (Caused by ProxyError('Cannot connect to proxy.', FileNotFoundError(2, 'No such file or directory')))
2025-01-07 01:54:11,252 - ERROR - 爬取URL失败 https://assetstore.unity.com/packages/2d/environments/2d-rpg-topdown-tilesets-pixelart-assets-full-bundle-212921?srsltid=AfmBOoq8TNtGTyNgIzhkw30EOjhIn2ABvKE7WQ2XNX4TtgP-x_B22C6t: HTTPSConnectionPool(host='assetstore.unity.com', port=443): Max retries exceeded with url: /packages/2d/environments/2d-rpg-topdown-tilesets-pixelart-assets-full-bundle-212921?srsltid=AfmBOoq8TNtGTyNgIzhkw30EOjhIn2ABvKE7WQ2XNX4TtgP-x_B22C6t (Caused by ProxyError('Cannot connect to proxy.', FileNotFoundError(2, 'No such file or directory')))
2025-01-07 01:54:52,926 - WARNING - 未找到任何描述内容
2025-01-07 01:55:42,026 - INFO - 开始爬取URL: https://assetstore.unity.com/packages/2d/environments/2d-rpg-topdown-tilesets-pixelart-assets-full-bundle-212921?srsltid=AfmBOoq8TNtGTyNgIzhkw30EOjhIn2ABvKE7WQ2XNX4TtgP-x_B22C6t
2025-01-07 01:55:43,227 - INFO - 成功获取页面内容，开始解析...
2025-01-07 01:55:43,227 - INFO - HTML内容长度: 284672
2025-01-07 01:55:43,247 - INFO - 页面标题: 2D RPG topdown tilesets - pixelart assets FULL BUNDLE | 2D Environments | Unity Asset Store
2025-01-07 01:55:43,250 - WARNING - 未找到description-section区域
2025-01-07 01:55:43,251 - INFO - 尝试查找其他描述区域...
2025-01-07 01:55:43,255 - INFO - 找到 0 个可能的描述区域
2025-01-07 01:55:43,256 - WARNING - 未找到任何描述内容，已保存HTML到debug_html.txt
2025-01-07 01:55:43,256 - WARNING - 解析文章内容为空
2025-01-07 01:56:45,430 - INFO - 开始爬取URL: https://assetstore.unity.com/packages/2d/environments/2d-rpg-topdown-tilesets-pixelart-assets-full-bundle-212921?srsltid=AfmBOoq8TNtGTyNgIzhkw30EOjhIn2ABvKE7WQ2XNX4TtgP-x_B22C6t
2025-01-07 01:56:46,692 - INFO - 成功获取页面内容，开始解析...
2025-01-07 01:56:46,692 - INFO - HTML内容长度: 284669
2025-01-07 01:56:46,712 - INFO - 页面标题: 2D RPG topdown tilesets - pixelart assets FULL BUNDLE | 2D Environments | Unity Asset Store
2025-01-07 01:56:46,713 - INFO - 找到meta description
2025-01-07 01:56:46,714 - INFO - 从JSON-LD中找到描述
2025-01-07 01:56:49,903 - INFO - 成功解析文章内容
2025-01-07 22:26:28,607 - INFO - 开始爬取URL: https://assetstore.unity.com/packages/3d/environments/landscapes/terrain-sample-asset-pack-145808
2025-01-07 22:26:30,169 - INFO - 成功获取页面内容，开始解析...
2025-01-07 22:26:35,229 - INFO - 成功解析文章内容
2025-01-07 22:28:17,689 - INFO - 开始爬取URL: https://assetstore.unity.com/packages/3d/environments/landscapes/terrain-sample-asset-pack-145808
2025-01-07 22:28:23,851 - INFO - 成功获取页面内容，开始解析...
2025-01-07 22:28:23,854 - INFO - 已保存HTML内容到: e:\Proj\AI\taobao\debug\page_1736260103.html
2025-01-07 22:28:27,106 - INFO - 成功解析文章内容
2025-01-07 22:28:29,826 - INFO - 已保存HTML内容到: e:\Proj\AI\taobao\debug\page_1736260109.html
2025-01-07 22:30:21,596 - INFO - 开始爬取URL: https://assetstore.unity.com/packages/3d/environments/landscapes/terrain-sample-asset-pack-145808
2025-01-07 22:30:23,194 - INFO - 成功获取页面内容，开始解析...
2025-01-07 22:30:23,198 - INFO - 已保存HTML内容到: e:\Proj\AI\taobao\debug\page_1736260223.html
2025-01-07 22:30:23,215 - INFO - 尝试下载图片: https://assetstorev1-prd-cdn.unity3d.com/key-image/1b123a3f-6ec4-4cb4-9905-356aa4188390.jpg?v=1
2025-01-07 22:30:23,907 - INFO - 成功下载图片: downloads\Terrain_Sample_Asset_Pack___3D_Landscapes___Unity_Asset_Store\image_1736260223_3593.jpg
2025-01-07 22:30:23,907 - INFO - 成功下载图片: downloads\Terrain_Sample_Asset_Pack___3D_Landscapes___Unity_Asset_Store\image_1736260223_3593.jpg
2025-01-07 22:30:28,334 - INFO - 成功解析文章内容
2025-01-07 22:30:31,334 - INFO - 已保存HTML内容到: e:\Proj\AI\taobao\debug\page_1736260231.html
2025-01-07 22:30:31,350 - INFO - 尝试下载图片: https://assetstorev1-prd-cdn.unity3d.com/key-image/1b123a3f-6ec4-4cb4-9905-356aa4188390.jpg?v=1
2025-01-07 22:30:31,558 - INFO - 成功下载图片: downloads\Terrain_Sample_Asset_Pack___3D_Landscapes___Unity_Asset_Store\image_1736260231_3593.jpg
2025-01-07 22:30:31,558 - INFO - 成功下载图片: downloads\Terrain_Sample_Asset_Pack___3D_Landscapes___Unity_Asset_Store\image_1736260231_3593.jpg
2025-01-07 22:32:12,037 - INFO - 开始爬取URL: https://assetstore.unity.com/packages/3d/environments/landscapes/terrain-sample-asset-pack-145808
2025-01-07 22:32:14,204 - INFO - 成功获取页面内容，开始解析...
2025-01-07 22:32:14,206 - INFO - 已保存HTML内容到: e:\Proj\AI\taobao\debug\page_1736260334.html
2025-01-07 22:32:14,230 - INFO - 尝试下载图片: https://assetstorev1-prd-cdn.unity3d.com/package-screenshot/37879d34-9ca6-43c1-b850-976b9e5d4591_scaled.jpg
2025-01-07 22:32:15,079 - INFO - 成功下载图片: downloads\Terrain_Sample_Asset_Pack___3D_Landscapes___Unity_Asset_Store\image_1736260334_1824.jpg
2025-01-07 22:32:15,079 - INFO - 成功下载图片: downloads\Terrain_Sample_Asset_Pack___3D_Landscapes___Unity_Asset_Store\image_1736260334_1824.jpg
2025-01-07 22:32:15,079 - INFO - 尝试下载图片: https://assetstorev1-prd-cdn.unity3d.com/key-image/b6af7f29-4c25-42b7-a526-49b8f42d7e1b.jpg
2025-01-07 22:32:15,268 - INFO - 成功下载图片: downloads\Terrain_Sample_Asset_Pack___3D_Landscapes___Unity_Asset_Store\image_1736260335_4866.jpg
2025-01-07 22:32:15,268 - INFO - 成功下载图片: downloads\Terrain_Sample_Asset_Pack___3D_Landscapes___Unity_Asset_Store\image_1736260335_4866.jpg
2025-01-07 22:32:15,268 - INFO - 尝试下载图片: https://assetstorev1-prd-cdn.unity3d.com/package-screenshot/b27cefa6-8196-4071-a4e6-d6e320e3f711_scaled.jpg
2025-01-07 22:32:15,395 - INFO - 成功下载图片: downloads\Terrain_Sample_Asset_Pack___3D_Landscapes___Unity_Asset_Store\image_1736260335_5890.jpg
2025-01-07 22:32:15,396 - INFO - 成功下载图片: downloads\Terrain_Sample_Asset_Pack___3D_Landscapes___Unity_Asset_Store\image_1736260335_5890.jpg
2025-01-07 22:32:15,396 - INFO - 尝试下载图片: https:jpg
2025-01-07 22:32:16,091 - WARNING - 下载图片失败: https://assetstore.unity.com/jpg
2025-01-07 22:32:16,093 - INFO - 尝试下载图片: https://assetstorev1-prd-cdn.unity3d.com/package-screenshot/ed23b44f-83b9-47c4-ace2-cb6bc6b58530.jpg
2025-01-07 22:32:16,903 - WARNING - 下载图片失败: https://assetstorev1-prd-cdn.unity3d.com/package-screenshot/ed23b44f-83b9-47c4-ace2-cb6bc6b58530.jpg
2025-01-07 22:32:16,905 - INFO - 尝试下载图片: https://assetstorev1-prd-cdn.unity3d.com/package-screenshot/b27cefa6-8196-4071-a4e6-d6e320e3f711.jpg
2025-01-07 22:32:18,604 - WARNING - 下载图片失败: https://assetstorev1-prd-cdn.unity3d.com/package-screenshot/b27cefa6-8196-4071-a4e6-d6e320e3f711.jpg
2025-01-07 22:32:18,605 - INFO - 尝试下载图片: https://assetstorev1-prd-cdn.unity3d.com/package-screenshot/ed23b44f-83b9-47c4-ace2-cb6bc6b58530_scaled.jpg
2025-01-07 22:32:20,021 - INFO - 成功下载图片: downloads\Terrain_Sample_Asset_Pack___3D_Landscapes___Unity_Asset_Store\image_1736260338_9177.jpg
2025-01-07 22:32:20,022 - INFO - 成功下载图片: downloads\Terrain_Sample_Asset_Pack___3D_Landscapes___Unity_Asset_Store\image_1736260338_9177.jpg
2025-01-07 22:32:20,023 - INFO - 尝试下载图片: https://assetstorev1-prd-cdn.unity3d.com/package-screenshot/96c37540-4eaf-4c6a-a8ad-a89fd5f0912f.jpg
2025-01-07 22:32:20,969 - WARNING - 下载图片失败: https://assetstorev1-prd-cdn.unity3d.com/package-screenshot/96c37540-4eaf-4c6a-a8ad-a89fd5f0912f.jpg
2025-01-07 22:32:20,972 - INFO - 尝试下载图片: https:png
2025-01-07 22:32:21,948 - WARNING - 下载图片失败: https://assetstore.unity.com/png
2025-01-07 22:32:21,950 - INFO - 尝试下载图片: https://assetstorev1-prd-cdn.unity3d.com/package-screenshot/ba54406e-5b3b-4859-9c9f-79de41ecbe5c_scaled.jpg
2025-01-07 22:32:22,700 - INFO - 成功下载图片: downloads\Terrain_Sample_Asset_Pack___3D_Landscapes___Unity_Asset_Store\image_1736260341_6119.jpg
2025-01-07 22:32:22,701 - INFO - 成功下载图片: downloads\Terrain_Sample_Asset_Pack___3D_Landscapes___Unity_Asset_Store\image_1736260341_6119.jpg
2025-01-07 22:32:22,701 - INFO - 尝试下载图片: https://assetstorev1-prd-cdn.unity3d.com/package-screenshot/ba54406e-5b3b-4859-9c9f-79de41ecbe5c.jpg
2025-01-07 22:32:23,460 - WARNING - 下载图片失败: https://assetstorev1-prd-cdn.unity3d.com/package-screenshot/ba54406e-5b3b-4859-9c9f-79de41ecbe5c.jpg
2025-01-07 22:32:23,461 - INFO - 尝试下载图片: https://assetstorev1-prd-cdn.unity3d.com/key-image/1b123a3f-6ec4-4cb4-9905-356aa4188390.jpg?v=1
2025-01-07 22:32:24,642 - INFO - 成功下载图片: downloads\Terrain_Sample_Asset_Pack___3D_Landscapes___Unity_Asset_Store\image_1736260343_6954.jpg
2025-01-07 22:32:24,642 - INFO - 成功下载图片: downloads\Terrain_Sample_Asset_Pack___3D_Landscapes___Unity_Asset_Store\image_1736260343_6954.jpg
2025-01-07 22:32:24,642 - INFO - 尝试下载图片: https://assetstorev1-prd-cdn.unity3d.com/package-screenshot/9a6f67fa-0510-41b6-ac98-7682d117d211_thumb.png
2025-01-07 22:32:24,925 - INFO - 成功下载图片: downloads\Terrain_Sample_Asset_Pack___3D_Landscapes___Unity_Asset_Store\image_1736260344_9068.png
2025-01-07 22:32:24,925 - INFO - 成功下载图片: downloads\Terrain_Sample_Asset_Pack___3D_Landscapes___Unity_Asset_Store\image_1736260344_9068.png
2025-01-07 22:32:24,926 - INFO - 尝试下载图片: https://assetstorev1-prd-cdn.unity3d.com/package-screenshot/96c37540-4eaf-4c6a-a8ad-a89fd5f0912f_scaled.jpg
2025-01-07 22:32:25,468 - INFO - 成功下载图片: downloads\Terrain_Sample_Asset_Pack___3D_Landscapes___Unity_Asset_Store\image_1736260344_8717.jpg
2025-01-07 22:32:25,469 - INFO - 成功下载图片: downloads\Terrain_Sample_Asset_Pack___3D_Landscapes___Unity_Asset_Store\image_1736260344_8717.jpg
2025-01-07 22:32:25,469 - INFO - 尝试下载图片: https://assetstorev1-prd-cdn.unity3d.com/package-screenshot/37879d34-9ca6-43c1-b850-976b9e5d4591.jpg
2025-01-07 22:32:26,322 - WARNING - 下载图片失败: https://assetstorev1-prd-cdn.unity3d.com/package-screenshot/37879d34-9ca6-43c1-b850-976b9e5d4591.jpg
2025-01-07 22:32:31,268 - INFO - 成功解析文章内容
2025-01-07 22:32:32,280 - ERROR - 获取页面内容失败: Invalid URL '//assetstorev1-prd-cdn.unity3d.com/package-screenshot/9a6f67fa-0510-41b6-ac98-7682d117d211_thumb.png': No scheme supplied. Perhaps you meant https:////assetstorev1-prd-cdn.unity3d.com/package-screenshot/9a6f67fa-0510-41b6-ac98-7682d117d211_thumb.png?
2025-01-07 22:32:32,282 - ERROR - 解析文章失败: write() argument must be str, not None
